[Opcje]
Po³¹czenie=1
Inkrementacja=1
Logiczne=1
Arytmetyczne=1
Stos=1
RejestrX=1
RejestrY=1
Przerwania=1
Wejœcie=1
Znaczniki=1
Adres=18
Kod=6
[Rozkazy]
Liczba=57
Nazwa1=end
Nazwa2=mov
Nazwa3=inc
Nazwa4=dec
Nazwa5=neg
Nazwa6=not
Nazwa7=leaq
Nazwa8=add
Nazwa9=sub
Nazwa10=imul
Nazwa11=xor
Nazwa12=or
Nazwa13=and
Nazwa14=sal
Nazwa15=shl
Nazwa16=sar
Nazwa17=shr
Nazwa18=cmp
Nazwa19=test
Nazwa20=sete
Nazwa21=setne
Nazwa22=sets
Nazwa23=setns
Nazwa24=setg
Nazwa25=setge
Nazwa26=setl
Nazwa27=setle
Nazwa28=seta
Nazwa29=setae
Nazwa30=setb
Nazwa31=setbe
Nazwa32=jmp
Nazwa33=je
Nazwa34=jne
Nazwa35=js
Nazwa36=jns
Nazwa37=jg
Nazwa38=jge
Nazwa39=jl
Nazwa40=jle
Nazwa41=ja
Nazwa42=jae
Nazwa43=jb
Nazwa44=jbe
Nazwa45=ldr
Nazwa46=str
Nazwa47=ldx
Nazwa48=stx
Nazwa49=ldy
Nazwa50=sty
Nazwa51=call
Nazwa52=leave
Nazwa53=ret
Nazwa54=push
Nazwa55=pop
Nazwa56=scanf
Nazwa57=printf
[end]
Linie=4
Linia1=ROZKAZ end;
Linia2=argumenty 0;
Linia3=czyt wys wei il;
Linia4=stop;
[mov]
Linie=7
Linia1=ROZKAZ mov;
Linia2=argumenty 2;
Linia3=czyt wys wei il;
Linia4=wyl wea;
Linia5=czyt wys as wea;
Linia6=czyt wyad wea il;
Linia7=pisz wyl wea;
[inc]
Linie=6
Linia1=ROZKAZ inc;
Linia2=czyt wys wei il;
Linia3=wyad wea;
Linia4=czyt wys weja przep weak iak;
Linia5=wyak wes;
Linia6=pisz wyl wea;
[dec]
Linie=6
Linia1=ROZKAZ dec;
Linia2=czyt wys wei il;
Linia3=wyad wea;
Linia4=czyt wys weja przep weak dak;
Linia5=wyak wes;
Linia6=pisz wyl wea;
[neg]
Linie=8
Linia1=ROZKAZ neg;
Linia2=czyt wys wei il;
Linia3=wyad wea;
Linia4=czyt wys weja przep weak;
Linia5=wys weja ode weak;
Linia6=wys weja ode weak;
Linia7=wyak wes;
Linia8=pisz wyl wea;
[not]
Linie=6
Linia1=ROZKAZ not;
Linia2=czyt wys wei il;
Linia3=wyad wea;
Linia4=czyt wys weja neg weak;
Linia5=wyak wes;
Linia6=pisz wyl wea;
[leaq]
Linie=6
Linia1=ROZKAZ leaq;
Linia2=argumenty 2;
Linia3=czyt wys wei il;
Linia4=wyl wea;
Linia5=czyt wyad wea il;
Linia6=pisz wyl wea;
[add]
Linie=9
Linia1=ROZKAZ add;
Linia2=argumenty 2;
Linia3=czyt wys wei il;
Linia4=wyad wea;
Linia5=czyt wys weja przep weak wyl wea il;
Linia6=czyt wys as wea;
Linia7=czyt wys weja dod weak;
Linia8=wyak wes wyad wea;
Linia9=pisz wyl wea;
[sub]
Linie=9
Linia1=ROZKAZ sub;
Linia2=argumenty 2;
Linia3=czyt wys wei il;
Linia4=wyad wea;
Linia5=czyt wys weja przep weak wyl wea il;
Linia6=czyt wys as wea;
Linia7=czyt wys weja ode weak;
Linia8=wyak wes wyad wea;
Linia9=pisz wyl wea;
[imul]
Linie=9
Linia1=ROZKAZ imul;
Linia2=argumenty 2;
Linia3=czyt wys wei il;
Linia4=wyad wea;
Linia5=czyt wys weja przep weak wyl wea il;
Linia6=czyt wys as wea;
Linia7=czyt wys weja mno weak;
Linia8=wyak wes wyad wea;
Linia9=pisz wyl wea;
[idiv]
Linie=2
Linia1=ROZKAZ idiv;
Linia2=czyt wys wei il;
[xor]
Linie=2
Linia1=ROZKAZ xor;
Linia2=czyt wys wei il;
[or]
Linie=2
Linia1=ROZKAZ or;
Linia2=czyt wys wei il;
[and]
Linie=2
Linia1=ROZKAZ and;
Linia2=czyt wys wei il;
[sal]
Linie=2
Linia1=ROZKAZ sal;
Linia2=czyt wys wei il;
[shl]
Linie=2
Linia1=ROZKAZ shl;
Linia2=czyt wys wei il;
[sar]
Linie=2
Linia1=ROZKAZ sar;
Linia2=czyt wys wei il;
[shr]
Linie=2
Linia1=ROZKAZ shr;
Linia2=czyt wys wei il;
[cmp]
Linie=2
Linia1=ROZKAZ cmp;
Linia2=czyt wys wei il;
[test]
Linie=2
Linia1=ROZKAZ test;
Linia2=czyt wys wei il;
[sete]
Linie=2
Linia1=ROZKAZ sete;
Linia2=czyt wys wei il;
[setne]
Linie=2
Linia1=ROZKAZ setne;
Linia2=czyt wys wei il;
[sets]
Linie=2
Linia1=ROZKAZ sets;
Linia2=czyt wys wei il;
[setns]
Linie=2
Linia1=ROZKAZ setns;
Linia2=czyt wys wei il;
[setg]
Linie=2
Linia1=ROZKAZ setg;
Linia2=czyt wys wei il;
[setge]
Linie=2
Linia1=ROZKAZ setge;
Linia2=czyt wys wei il;
[setl]
Linie=2
Linia1=ROZKAZ setl;
Linia2=czyt wys wei il;
[setle]
Linie=2
Linia1=ROZKAZ setle;
Linia2=czyt wys wei il;
[seta]
Linie=2
Linia1=ROZKAZ seta;
Linia2=czyt wys wei il;
[setae]
Linie=2
Linia1=ROZKAZ setae;
Linia2=czyt wys wei il;
[setb]
Linie=2
Linia1=ROZKAZ setb;
Linia2=czyt wys wei il;
[setbe]
Linie=2
Linia1=ROZKAZ setbe;
Linia2=czyt wys wei il;
[jmp]
Linie=4
Linia1=ROZKAZ jmp;
Linia2=Argumenty 1;
Linia3=czyt wys wei il;
Linia4=wyad wea wel;
[je]
Linie=5
Linia1=ROZKAZ je;
Linia2=czyt wys wei il;
Linia3=JEZELI zak TO @zero GDY NIE @niezero;
Linia4=@zero wyad wea wel KONIEC;
Linia5=@niezero wyl wea;
[jne]
Linie=2
Linia1=ROZKAZ jne;
Linia2=czyt wys wei il;
[js]
Linie=5
Linia1=ROZKAZ js;
Linia2=czyt wys wei il;
Linia3=JEZELI Z TO @ujemne GDY NIE @dodatnie;
Linia4=@ujemne wyad wea wel KONIEC;
Linia5=@dodatnie wyl wea;
[jns]
Linie=2
Linia1=ROZKAZ jns;
Linia2=czyt wys wei il;
[jg]
Linie=2
Linia1=ROZKAZ jg;
Linia2=czyt wys wei il;
[jge]
Linie=2
Linia1=ROZKAZ jge;
Linia2=czyt wys wei il;
[jl]
Linie=2
Linia1=ROZKAZ jl;
Linia2=czyt wys wei il;
[jle]
Linie=2
Linia1=ROZKAZ jle;
Linia2=czyt wys wei il;
[ja]
Linie=2
Linia1=ROZKAZ ja;
Linia2=czyt wys wei il;
[jae]
Linie=2
Linia1=ROZKAZ jae;
Linia2=czyt wys wei il;
[jb]
Linie=2
Linia1=ROZKAZ jb;
Linia2=czyt wys wei il;
[jbe]
Linie=2
Linia1=ROZKAZ jbe;
Linia2=czyt wys wei il;
[ldr]
Linie=4
Linia1=ROZKAZ ldr;
Linia2=czyt wys wei il;
Linia3=wyad wea;
Linia4=czyt wys weja przep weak wyl wea;
[str]
Linie=4
Linia1=ROZKAZ str;
Linia2=czyt wys wei il;
Linia3=wyad wea wyak wes;
Linia4=pisz wyl wea;
[ldx]
Linie=4
Linia1=ROZKAZ ldx;
Linia2=czyt wys wei il;
Linia3=wyad wea;
Linia4=czyt wys wex wyl wea;
[stx]
Linie=4
Linia1=ROZKAZ stx;
Linia2=czyt wys wei il;
Linia3=wyad wea wyx wes;
Linia4=pisz wyl wea;
[ldy]
Linie=4
Linia1=ROZKAZ ldy;
Linia2=czyt wys wei il;
Linia3=wyad wea;
Linia4=czyt wys wey wyl wea;
[sty]
Linie=4
Linia1=ROZKAZ sty;
Linia2=czyt wys wei il;
Linia3=wyad wea wyy wes;
Linia4=pisz wyl wea;
[call]
Linie=6
Linia1=rozkaz call;
Linia2=argumenty 1;
Linia3=czyt wys wei il;
Linia4=dws;
Linia5=wyws wea wyls wes;
Linia6=pisz wyad wel wea;
[leave]
Linie=2
Linia1=ROZKAZ leave;
Linia2=czyt wys wei il;
[ret]
Linie=5
Linia1=rozkaz ret;
Linia2=argumenty 0;
Linia3=czyt wys wei il;
Linia4=wyws wea iws;
Linia5=czyt wys as wea wel;
[push]
Linie=6
Linia1=rozkaz push;
Linia2=argumenty 0;
Linia3=czyt wys wei il;
Linia4=dws;
Linia5=wyws wea wyak wes;
Linia6=pisz wyl wea;
[pop]
Linie=5
Linia1=rozkaz pop;
Linia2=argumenty 0;
Linia3=czyt wys wei il;
Linia4=wyws wea iws;
Linia5=czyt wys weja przep weak wyl wea;
[scanf]
Linie=5
Linia1=ROZKAZ scanf;
Linia2=czyt wys wei il;
Linia3=wyak weja ode weak start;
Linia4=@czekaj wyg weja ode weak JEzELI Z TO @gotowe GDY NIE @czekaj;
Linia5=@gotowe wyrb weja przep weak wyl wea;
[printf]
Linie=6
Linia1=ROZKAZ printf;
Linia2=czyt wys wei il;
Linia3=wyak weja werb start;
Linia4=wyak wes weja ode weak;
Linia5=@czeka wyg weja ode weak jezeli z to @gotowe gdy nie @czeka;
Linia6=@gotowe wys weja przep weak wyl wea;